// Jest Snapshot v1, https://goo.gl/fbAQLP

exports[`Card Test Should match with snapshot 1`] = `
{
  "asFragment": [Function],
  "baseElement": <body>
    <div>
      <div
        class="container"
        data-testid="card"
      >
        <div
          class="content"
          data-testid="card-content"
        >
          <p
            class="title"
          >
            Bowo
             (
            Tono
            )
          </p>
          <p
            class="date"
          >
            15-02-2024
             s/d 
            18-02-2024
          </p>
          <p
            class="shortdesc"
          >
            Lorem ipsum, dolor sit amet consectetur adipisicing elit. Asperiores odit soluta laboriosam nisi repellat eum maiores blanditiis dicta facere hic maxime, est et aliquam, dolorem, consequuntur nobis adipisci consequatur sequi?
          </p>
        </div>
      </div>
    </div>
  </body>,
  "container": <div>
    <div
      class="container"
      data-testid="card"
    >
      <div
        class="content"
        data-testid="card-content"
      >
        <p
          class="title"
        >
          Bowo
           (
          Tono
          )
        </p>
        <p
          class="date"
        >
          15-02-2024
           s/d 
          18-02-2024
        </p>
        <p
          class="shortdesc"
        >
          Lorem ipsum, dolor sit amet consectetur adipisicing elit. Asperiores odit soluta laboriosam nisi repellat eum maiores blanditiis dicta facere hic maxime, est et aliquam, dolorem, consequuntur nobis adipisci consequatur sequi?
        </p>
      </div>
    </div>
  </div>,
  "debug": [Function],
  "findAllByAltText": [Function],
  "findAllByDisplayValue": [Function],
  "findAllByLabelText": [Function],
  "findAllByPlaceholderText": [Function],
  "findAllByRole": [Function],
  "findAllByTestId": [Function],
  "findAllByText": [Function],
  "findAllByTitle": [Function],
  "findByAltText": [Function],
  "findByDisplayValue": [Function],
  "findByLabelText": [Function],
  "findByPlaceholderText": [Function],
  "findByRole": [Function],
  "findByTestId": [Function],
  "findByText": [Function],
  "findByTitle": [Function],
  "getAllByAltText": [Function],
  "getAllByDisplayValue": [Function],
  "getAllByLabelText": [Function],
  "getAllByPlaceholderText": [Function],
  "getAllByRole": [Function],
  "getAllByTestId": [Function],
  "getAllByText": [Function],
  "getAllByTitle": [Function],
  "getByAltText": [Function],
  "getByDisplayValue": [Function],
  "getByLabelText": [Function],
  "getByPlaceholderText": [Function],
  "getByRole": [Function],
  "getByTestId": [Function],
  "getByText": [Function],
  "getByTitle": [Function],
  "queryAllByAltText": [Function],
  "queryAllByDisplayValue": [Function],
  "queryAllByLabelText": [Function],
  "queryAllByPlaceholderText": [Function],
  "queryAllByRole": [Function],
  "queryAllByTestId": [Function],
  "queryAllByText": [Function],
  "queryAllByTitle": [Function],
  "queryByAltText": [Function],
  "queryByDisplayValue": [Function],
  "queryByLabelText": [Function],
  "queryByPlaceholderText": [Function],
  "queryByRole": [Function],
  "queryByTestId": [Function],
  "queryByText": [Function],
  "queryByTitle": [Function],
  "rerender": [Function],
  "unmount": [Function],
}
`;
